// Jest Snapshot v1, https://goo.gl/fbAQLP

exports[`containers/App works correctly 1`] = `[Function]`;
